// Jest Snapshot v1, https://goo.gl/fbAQLP

exports[`waitFor DOM reference implementation using fake legacy timers timeout 1`] = `Not done`;

exports[`waitFor DOM reference implementation using fake modern timers timeout 1`] = `Not done`;

exports[`waitFor DOM reference implementation using real timers timeout 1`] = `Not done`;
